warning: ignoring unsupported tag 'PAGE_OUTLINE_PANEL' at line 1709, file /tmp/doxyfile.uVKUd5
warning: Tag 'DOT_FONTNAME' at line 2708 of file '/tmp/doxyfile.uVKUd5' has become obsolete.
         To avoid this warning please remove this line from your configuration file or upgrade it using "doxygen -u"
warning: Tag 'DOT_FONTSIZE' at line 2709 of file '/tmp/doxyfile.uVKUd5' has become obsolete.
         To avoid this warning please remove this line from your configuration file or upgrade it using "doxygen -u"
warning: Tag 'DOT_TRANSPARENT' at line 2712 of file '/tmp/doxyfile.uVKUd5' has become obsolete.
         To avoid this warning please remove this line from your configuration file or upgrade it using "doxygen -u"
warning: tag INCLUDE_PATH: include path 'inc/mcu/esp32/' does not exist
warning: tag INCLUDE_PATH: include path 'inc/utils/' does not exist
warning: source 'inc/mcu/esp32/' is not a readable file or directory... skipping.
warning: source 'inc/utils/' is not a readable file or directory... skipping.
/home/runner/work/hf-tle92466ed-driver/hf-tle92466ed-driver/examples/esp32/main/esp32_tle92466ed_test_config.hpp:2: warning: the name 'tle92466ed_test_config.hpp' supplied as the argument in the \file statement is not an input file
/home/runner/work/hf-tle92466ed-driver/hf-tle92466ed-driver/inc/tle92466ed_registers.hpp:2374: warning: Found unknown command '\u2248'
/home/runner/work/hf-tle92466ed-driver/hf-tle92466ed-driver/inc/tle92466ed_registers.hpp:2374: warning: Found unknown command '\u00b1'
/home/runner/work/hf-tle92466ed-driver/hf-tle92466ed-driver/inc/tle92466ed_registers.hpp:1629: warning: Found unknown command '\u00b0C'
/home/runner/work/hf-tle92466ed-driver/hf-tle92466ed-driver/inc/tle92466ed.hpp:1056: warning: Found unknown command '\u00b0C'
/home/runner/work/hf-tle92466ed-driver/hf-tle92466ed-driver/inc/tle92466ed_registers.hpp:1649: warning: Found unknown command '\u00b0C'
/home/runner/work/hf-tle92466ed-driver/hf-tle92466ed-driver/inc/tle92466ed.hpp:176: warning: unable to resolve reference to 'Tle92466edDriver::SampleChannelCurrents' for \ref command
/home/runner/work/hf-tle92466ed-driver/hf-tle92466ed-driver/examples/esp32/main/resistive_load_bench.cpp:4: warning: Found unknown command '\u03a9'
/home/runner/work/hf-tle92466ed-driver/hf-tle92466ed-driver/inc/tle92466ed_registers.hpp:2390: warning: Found unknown command '\u00b0C'
/home/runner/work/hf-tle92466ed-driver/hf-tle92466ed-driver/examples/esp32/main/resistive_load_bench.cpp:4: warning: Found unknown command '\u03a9'
/home/runner/work/hf-tle92466ed-driver/hf-tle92466ed-driver/examples/esp32/main/resistive_load_bench.cpp:4: warning: Found unknown command '\u03a9'
/home/runner/work/hf-tle92466ed-driver/hf-tle92466ed-driver/examples/esp32/main/resistive_load_bench.cpp:8: warning: Found unknown command '\u2248'
/home/runner/work/hf-tle92466ed-driver/hf-tle92466ed-driver/examples/esp32/main/resistive_load_bench.cpp:9: warning: Found unknown command '\u03a9'
/home/runner/work/hf-tle92466ed-driver/hf-tle92466ed-driver/examples/esp32/main/resistive_load_bench.cpp:11: warning: Found unknown command '\u03a9'
/home/runner/work/hf-tle92466ed-driver/hf-tle92466ed-driver/examples/esp32/main/resistive_load_bench.cpp:17: warning: Found unknown command '\u00b12'
/home/runner/work/hf-tle92466ed-driver/hf-tle92466ed-driver/examples/esp32/main/resistive_load_bench.cpp:20: warning: Found unknown command '\u00b12'
/home/runner/work/hf-tle92466ed-driver/hf-tle92466ed-driver/examples/esp32/main/TestFramework.h:383: warning: The following parameter of print_test_section_footer(const char *tag, const char *section_name, bool enabled=true) is not documented:
  parameter 'tag'
/home/runner/work/hf-tle92466ed-driver/hf-tle92466ed-driver/examples/esp32/main/TestFramework.h:357: warning: The following parameter of print_test_section_header(const char *tag, const char *section_name, bool enabled=true) is not documented:
  parameter 'tag'
/home/runner/work/hf-tle92466ed-driver/hf-tle92466ed-driver/examples/esp32/main/TestFramework.h:341: warning: argument 'test_results' of command @param is not found in the argument list of print_test_section_status(const char *tag, const char *test_suite_name)
/home/runner/work/hf-tle92466ed-driver/hf-tle92466ed-driver/examples/esp32/main/TestFramework.h:341: warning: The following parameter of print_test_section_status(const char *tag, const char *test_suite_name) is not documented:
  parameter 'tag'
/home/runner/work/hf-tle92466ed-driver/hf-tle92466ed-driver/examples/esp32/main/TestFramework.h:321: warning: The following parameter of print_test_summary(const TestResults &test_results, const char *test_suite_name, const char *tag) is not documented:
  parameter 'tag'
/home/runner/work/hf-tle92466ed-driver/hf-tle92466ed-driver/inc/tle92466ed.hpp:176: warning: unable to resolve reference to 'Tle92466edDriver::SampleChannelCurrents' for \ref command
/home/runner/work/hf-tle92466ed-driver/hf-tle92466ed-driver/inc/tle92466ed_registers.hpp:1629: warning: Found unknown command '\u00b0C'
/home/runner/work/hf-tle92466ed-driver/hf-tle92466ed-driver/inc/tle92466ed_registers.hpp:1649: warning: Found unknown command '\u00b0C'
/home/runner/work/hf-tle92466ed-driver/hf-tle92466ed-driver/inc/tle92466ed.hpp:176: warning: unable to resolve reference to 'Tle92466edDriver::SampleChannelCurrents' for \ref command
/home/runner/work/hf-tle92466ed-driver/hf-tle92466ed-driver/inc/tle92466ed_registers.hpp:2374: warning: Found unknown command '\u2248'
/home/runner/work/hf-tle92466ed-driver/hf-tle92466ed-driver/inc/tle92466ed_registers.hpp:2374: warning: Found unknown command '\u00b1'
/home/runner/work/hf-tle92466ed-driver/hf-tle92466ed-driver/inc/tle92466ed.hpp:176: warning: unable to resolve reference to 'Tle92466edDriver::SampleChannelCurrents' for \ref command
/home/runner/work/hf-tle92466ed-driver/hf-tle92466ed-driver/inc/tle92466ed.hpp:176: warning: unable to resolve reference to 'Tle92466edDriver::SampleChannelCurrents' for \ref command
/home/runner/work/hf-tle92466ed-driver/hf-tle92466ed-driver/inc/tle92466ed.hpp:1056: warning: Found unknown command '\u00b0C'
/home/runner/work/hf-tle92466ed-driver/hf-tle92466ed-driver/inc/tle92466ed.hpp:1030: warning: Found unknown command '\u20138'
/home/runner/work/hf-tle92466ed-driver/hf-tle92466ed-driver/inc/tle92466ed.hpp:1030: warning: Found unknown command '\u00a74'
/home/runner/work/hf-tle92466ed-driver/hf-tle92466ed-driver/inc/tle92466ed.hpp:1034: warning: Found unknown command '\u2248500'
/home/runner/work/hf-tle92466ed-driver/hf-tle92466ed-driver/inc/tle92466ed.hpp:1034: warning: Found unknown command '\u00b5s'
/home/runner/work/hf-tle92466ed-driver/hf-tle92466ed-driver/inc/tle92466ed.hpp:1056: warning: Found unknown command '\u00b0C'
/home/runner/work/hf-tle92466ed-driver/hf-tle92466ed-driver/inc/tle92466ed.hpp:1098: warning: Found unknown command '\u20131023'
/home/runner/work/hf-tle92466ed-driver/hf-tle92466ed-driver/inc/tle92466ed.hpp:1099: warning: Found unknown command '\u201331'
/home/runner/work/hf-tle92466ed-driver/hf-tle92466ed-driver/inc/tle92466ed.hpp:1179: warning: Found unknown command '\u201363'
/home/runner/work/hf-tle92466ed-driver/hf-tle92466ed-driver/inc/tle92466ed.hpp:1169: warning: Found unknown command '\u201363'
/home/runner/work/hf-tle92466ed-driver/hf-tle92466ed-driver/inc/tle92466ed.hpp:1113: warning: Found unknown command '\u201315'
/home/runner/work/hf-tle92466ed-driver/hf-tle92466ed-driver/inc/tle92466ed_registers.hpp:2390: warning: Found unknown command '\u00b0C'
/home/runner/work/hf-tle92466ed-driver/hf-tle92466ed-driver/inc/tle92466ed_registers.hpp:2390: warning: Found unknown command '\u00b0C'
/home/runner/work/hf-tle92466ed-driver/hf-tle92466ed-driver/inc/tle92466ed_registers.hpp:1109: warning: Found unknown command '\u00a75'
/home/runner/work/hf-tle92466ed-driver/hf-tle92466ed-driver/inc/tle92466ed_registers.hpp:1116: warning: Found unknown command '\u00b1'
/home/runner/work/hf-tle92466ed-driver/hf-tle92466ed-driver/inc/tle92466ed_registers.hpp:1140: warning: Found unknown command '\u20138'
/home/runner/work/hf-tle92466ed-driver/hf-tle92466ed-driver/inc/tle92466ed_registers.hpp:1070: warning: Found unknown command '\u00a75'
/home/runner/work/hf-tle92466ed-driver/hf-tle92466ed-driver/inc/tle92466ed_registers.hpp:1072: warning: Found unknown command '\u00a74'
/home/runner/work/hf-tle92466ed-driver/hf-tle92466ed-driver/inc/tle92466ed_registers.hpp:1084: warning: Found unknown command '\u00a74'
/home/runner/work/hf-tle92466ed-driver/hf-tle92466ed-driver/inc/tle92466ed_registers.hpp:405: warning: Found unknown command '\u00a75'
/home/runner/work/hf-tle92466ed-driver/hf-tle92466ed-driver/inc/tle92466ed_registers.hpp:460: warning: Found unknown command '\u00a75'
/home/runner/work/hf-tle92466ed-driver/hf-tle92466ed-driver/inc/tle92466ed_registers.hpp:1212: warning: Found unknown command '\u00a75'
/home/runner/work/hf-tle92466ed-driver/hf-tle92466ed-driver/inc/tle92466ed_registers.hpp:1664: warning: Found unknown command '\u00a75'
/home/runner/work/hf-tle92466ed-driver/hf-tle92466ed-driver/inc/tle92466ed_registers.hpp:1667: warning: Unsupported xml/html tag <IMIN> found
/home/runner/work/hf-tle92466ed-driver/hf-tle92466ed-driver/inc/tle92466ed_registers.hpp:1667: warning: Found unknown command '\u00b7'
/home/runner/work/hf-tle92466ed-driver/hf-tle92466ed-driver/inc/tle92466ed_registers.hpp:1667: warning: Found unknown command '\u2212'
/home/runner/work/hf-tle92466ed-driver/hf-tle92466ed-driver/inc/tle92466ed_registers.hpp:1667: warning: Unsupported xml/html tag <IMIN> found
/home/runner/work/hf-tle92466ed-driver/hf-tle92466ed-driver/inc/tle92466ed_registers.hpp:1667: warning: Found unknown command '\u00b7'
/home/runner/work/hf-tle92466ed-driver/hf-tle92466ed-driver/inc/tle92466ed_registers.hpp:1668: warning: Unsupported xml/html tag <IMAX> found
/home/runner/work/hf-tle92466ed-driver/hf-tle92466ed-driver/inc/tle92466ed_registers.hpp:1668: warning: Found unknown command '\u00b7'
/home/runner/work/hf-tle92466ed-driver/hf-tle92466ed-driver/inc/tle92466ed_registers.hpp:1671: warning: Found unknown command '\u00b14'
/home/runner/work/hf-tle92466ed-driver/hf-tle92466ed-driver/inc/tle92466ed_registers.hpp:1671: warning: Found unknown command '\u2026'
/home/runner/work/hf-tle92466ed-driver/hf-tle92466ed-driver/inc/tle92466ed_registers.hpp:1671: warning: Found unknown command '\u22121'
/home/runner/work/hf-tle92466ed-driver/hf-tle92466ed-driver/inc/tle92466ed_registers.hpp:1672: warning: Found unknown command '\u22124'
/home/runner/work/hf-tle92466ed-driver/hf-tle92466ed-driver/inc/tle92466ed_registers.hpp:1672: warning: Found unknown command '\u2026'
/home/runner/work/hf-tle92466ed-driver/hf-tle92466ed-driver/inc/tle92466ed_registers.hpp:1951: warning: Found unknown command '\u00a75'
/home/runner/work/hf-tle92466ed-driver/hf-tle92466ed-driver/inc/tle92466ed_registers.hpp:1971: warning: Found unknown command '\u00a75'
/home/runner/work/hf-tle92466ed-driver/hf-tle92466ed-driver/inc/tle92466ed_registers.hpp:1028: warning: Found unknown command '\u00a75'
/home/runner/work/hf-tle92466ed-driver/hf-tle92466ed-driver/inc/tle92466ed_registers.hpp:1033: warning: Found unknown command '\u00a74'
/home/runner/work/hf-tle92466ed-driver/hf-tle92466ed-driver/inc/tle92466ed_registers.hpp:698: warning: Found unknown command '\u00a75'
/home/runner/work/hf-tle92466ed-driver/hf-tle92466ed-driver/inc/tle92466ed_registers.hpp:1188: warning: Found unknown command '\u00a75'
/home/runner/work/hf-tle92466ed-driver/hf-tle92466ed-driver/inc/tle92466ed_registers.hpp:624: warning: The following parameter of tle92466ed::SETPOINT::CalculateTargetUa(uint32_t current_ua, bool parallel_mode=false) is not documented:
  parameter 'parallel_mode'
/home/runner/work/hf-tle92466ed-driver/hf-tle92466ed-driver/inc/tle92466ed_registers.hpp:1162: warning: Found unknown command '\u00a75'
/home/runner/work/hf-tle92466ed-driver/hf-tle92466ed-driver/inc/tle92466ed_registers.hpp:998: warning: Found unknown command '\u00a75'
/home/runner/work/hf-tle92466ed-driver/hf-tle92466ed-driver/inc/tle92466ed_registers.hpp:1629: warning: Found unknown command '\u00b0C'
/home/runner/work/hf-tle92466ed-driver/hf-tle92466ed-driver/inc/tle92466ed_registers.hpp:1649: warning: Found unknown command '\u00b0C'
/home/runner/work/hf-tle92466ed-driver/hf-tle92466ed-driver/inc/tle92466ed_registers.hpp:1563: warning: Unsupported xml/html tag <VIO> found
/home/runner/work/hf-tle92466ed-driver/hf-tle92466ed-driver/inc/tle92466ed_registers.hpp:1564: warning: Unsupported xml/html tag <VDD> found
/home/runner/work/hf-tle92466ed-driver/hf-tle92466ed-driver/inc/tle92466ed_registers.hpp:1567: warning: Unsupported xml/html tag <VBAT> found
/home/runner/work/hf-tle92466ed-driver/hf-tle92466ed-driver/inc/tle92466ed_registers.hpp:1568: warning: Unsupported xml/html tag <VBAT> found
/home/runner/work/hf-tle92466ed-driver/hf-tle92466ed-driver/inc/tle92466ed_registers.hpp:1649: warning: Found unknown command '\u00b0C'
/home/runner/work/hf-tle92466ed-driver/hf-tle92466ed-driver/inc/tle92466ed_registers.hpp:1629: warning: Found unknown command '\u00b0C'
/home/runner/work/hf-tle92466ed-driver/hf-tle92466ed-driver/inc/tle92466ed_registers.hpp:1632: warning: Found unknown command '\u00a75'
/home/runner/work/hf-tle92466ed-driver/hf-tle92466ed-driver/inc/tle92466ed_registers.hpp:1633: warning: Unsupported xml/html tag <TEMP_VALUE> found
/home/runner/work/hf-tle92466ed-driver/hf-tle92466ed-driver/inc/tle92466ed_registers.hpp:1633: warning: Found unknown command '\u00b7'
/home/runner/work/hf-tle92466ed-driver/hf-tle92466ed-driver/inc/tle92466ed_registers.hpp:1633: warning: Found unknown command '\u2212'
/home/runner/work/hf-tle92466ed-driver/hf-tle92466ed-driver/inc/tle92466ed_registers.hpp:1633: warning: Found unknown command '\u22120'
/home/runner/work/hf-tle92466ed-driver/hf-tle92466ed-driver/inc/tle92466ed_registers.hpp:1633: warning: Found unknown command '\u00b0C'
/home/runner/work/hf-tle92466ed-driver/hf-tle92466ed-driver/inc/tle92466ed_registers.hpp:337: warning: Unsupported xml/html tag <WD_TIME> found
/home/runner/work/hf-tle92466ed-driver/hf-tle92466ed-driver/inc/tle92466ed_registers.hpp:340: warning: Unsupported xml/html tag <WD_TIME> found
</home/runner/work/hf-tle92466ed-driver/hf-tle92466ed-driver/examples/esp32/main/>:2: warning: Found unknown command '\u03a9'
/home/runner/work/hf-tle92466ed-driver/hf-tle92466ed-driver/README.md:12: warning: unable to resolve reference to '-overview' for \ref command
/home/runner/work/hf-tle92466ed-driver/hf-tle92466ed-driver/README.md:13: warning: unable to resolve reference to '-features' for \ref command
/home/runner/work/hf-tle92466ed-driver/hf-tle92466ed-driver/README.md:14: warning: unable to resolve reference to '-quick-start' for \ref command
/home/runner/work/hf-tle92466ed-driver/hf-tle92466ed-driver/README.md:15: warning: unable to resolve reference to '-installation' for \ref command
/home/runner/work/hf-tle92466ed-driver/hf-tle92466ed-driver/README.md:16: warning: unable to resolve reference to '-api-reference' for \ref command
/home/runner/work/hf-tle92466ed-driver/hf-tle92466ed-driver/README.md:17: warning: unable to resolve reference to '-examples' for \ref command
/home/runner/work/hf-tle92466ed-driver/hf-tle92466ed-driver/README.md:18: warning: unable to resolve reference to '-documentation' for \ref command
/home/runner/work/hf-tle92466ed-driver/hf-tle92466ed-driver/README.md:19: warning: unable to resolve reference to '-references' for \ref command
/home/runner/work/hf-tle92466ed-driver/hf-tle92466ed-driver/README.md:20: warning: unable to resolve reference to '-contributing' for \ref command
/home/runner/work/hf-tle92466ed-driver/hf-tle92466ed-driver/README.md:21: warning: unable to resolve reference to '-license' for \ref command
/home/runner/work/hf-tle92466ed-driver/hf-tle92466ed-driver/README.md:79: warning: unable to resolve reference to '/home/runner/work/hf-tle92466ed-driver/hf-tle92466ed-driver/docs/installation.md' for \ref command
/home/runner/work/hf-tle92466ed-driver/hf-tle92466ed-driver/README.md:79: warning: unable to resolve reference to '/home/runner/work/hf-tle92466ed-driver/hf-tle92466ed-driver/docs/quickstart.md' for \ref command
/home/runner/work/hf-tle92466ed-driver/hf-tle92466ed-driver/README.md:84: warning: unable to resolve reference to '/home/runner/work/hf-tle92466ed-driver/hf-tle92466ed-driver/docs/platform_integration.md' for \ref command
/home/runner/work/hf-tle92466ed-driver/hf-tle92466ed-driver/README.md:91: warning: unable to resolve reference to '/home/runner/work/hf-tle92466ed-driver/hf-tle92466ed-driver/docs/installation.md' for \ref command
/home/runner/work/hf-tle92466ed-driver/hf-tle92466ed-driver/README.md:125: warning: unable to resolve reference to '/home/runner/work/hf-tle92466ed-driver/hf-tle92466ed-driver/docs/api_reference.md' for \ref command
/home/runner/work/hf-tle92466ed-driver/hf-tle92466ed-driver/README.md:131: warning: unable to resolve reference to '/home/runner/work/hf-tle92466ed-driver/hf-tle92466ed-driver/docs/examples.md' for \ref command
/home/runner/work/hf-tle92466ed-driver/hf-tle92466ed-driver/README.md:135: warning: unable to resolve reference to '/home/runner/work/hf-tle92466ed-driver/hf-tle92466ed-driver/docs/index.md' for \ref command
/home/runner/work/hf-tle92466ed-driver/hf-tle92466ed-driver/inc/tle92466ed.hpp:176: warning: unable to resolve reference to 'Tle92466edDriver::SampleChannelCurrents' for \ref command
/home/runner/work/hf-tle92466ed-driver/hf-tle92466ed-driver/inc/tle92466ed.hpp:176: warning: unable to resolve reference to 'Tle92466edDriver::SampleChannelCurrents' for \ref command
/home/runner/work/hf-tle92466ed-driver/hf-tle92466ed-driver/inc/tle92466ed.hpp:176: warning: unable to resolve reference to 'Tle92466edDriver::SampleChannelCurrents' for \ref command
/home/runner/work/hf-tle92466ed-driver/hf-tle92466ed-driver/examples/esp32/main/resistive_load_bench.cpp:4: warning: Found unknown command '\u03a9'
/home/runner/work/hf-tle92466ed-driver/hf-tle92466ed-driver/inc/tle92466ed.hpp:176: warning: unable to resolve reference to 'Tle92466edDriver::SampleChannelCurrents' for \ref command
/home/runner/work/hf-tle92466ed-driver/hf-tle92466ed-driver/inc/tle92466ed.hpp:1030: warning: Found unknown command '\u20138'
/home/runner/work/hf-tle92466ed-driver/hf-tle92466ed-driver/inc/tle92466ed.hpp:1030: warning: Found unknown command '\u00a74'
/home/runner/work/hf-tle92466ed-driver/hf-tle92466ed-driver/inc/tle92466ed.hpp:1034: warning: Found unknown command '\u2248500'
/home/runner/work/hf-tle92466ed-driver/hf-tle92466ed-driver/inc/tle92466ed.hpp:1034: warning: Found unknown command '\u00b5s'
/home/runner/work/hf-tle92466ed-driver/hf-tle92466ed-driver/inc/tle92466ed.hpp:1056: warning: Found unknown command '\u00b0C'
/home/runner/work/hf-tle92466ed-driver/hf-tle92466ed-driver/inc/tle92466ed.hpp:1098: warning: Found unknown command '\u20131023'
/home/runner/work/hf-tle92466ed-driver/hf-tle92466ed-driver/inc/tle92466ed.hpp:1099: warning: Found unknown command '\u201331'
/home/runner/work/hf-tle92466ed-driver/hf-tle92466ed-driver/inc/tle92466ed.hpp:1113: warning: Found unknown command '\u201315'
/home/runner/work/hf-tle92466ed-driver/hf-tle92466ed-driver/inc/tle92466ed.hpp:1169: warning: Found unknown command '\u201363'
/home/runner/work/hf-tle92466ed-driver/hf-tle92466ed-driver/inc/tle92466ed.hpp:1179: warning: Found unknown command '\u201363'
/home/runner/work/hf-tle92466ed-driver/hf-tle92466ed-driver/inc/tle92466ed_registers.hpp:1140: warning: Found unknown command '\u20138'
/home/runner/work/hf-tle92466ed-driver/hf-tle92466ed-driver/inc/tle92466ed_registers.hpp:2390: warning: Found unknown command '\u00b0C'
/home/runner/work/hf-tle92466ed-driver/hf-tle92466ed-driver/inc/tle92466ed_registers.hpp:2374: warning: Found unknown command '\u2248'
/home/runner/work/hf-tle92466ed-driver/hf-tle92466ed-driver/inc/tle92466ed_registers.hpp:2374: warning: Found unknown command '\u00b1'
/home/runner/work/hf-tle92466ed-driver/hf-tle92466ed-driver/inc/tle92466ed_registers.hpp:1109: warning: Found unknown command '\u00a75'
/home/runner/work/hf-tle92466ed-driver/hf-tle92466ed-driver/inc/tle92466ed_registers.hpp:1116: warning: Found unknown command '\u00b1'
/home/runner/work/hf-tle92466ed-driver/hf-tle92466ed-driver/inc/tle92466ed_registers.hpp:1070: warning: Found unknown command '\u00a75'
/home/runner/work/hf-tle92466ed-driver/hf-tle92466ed-driver/inc/tle92466ed_registers.hpp:1072: warning: Found unknown command '\u00a74'
/home/runner/work/hf-tle92466ed-driver/hf-tle92466ed-driver/inc/tle92466ed_registers.hpp:1084: warning: Found unknown command '\u00a74'
/home/runner/work/hf-tle92466ed-driver/hf-tle92466ed-driver/inc/tle92466ed_registers.hpp:405: warning: Found unknown command '\u00a75'
/home/runner/work/hf-tle92466ed-driver/hf-tle92466ed-driver/inc/tle92466ed_registers.hpp:460: warning: Found unknown command '\u00a75'
/home/runner/work/hf-tle92466ed-driver/hf-tle92466ed-driver/inc/tle92466ed_registers.hpp:1212: warning: Found unknown command '\u00a75'
/home/runner/work/hf-tle92466ed-driver/hf-tle92466ed-driver/inc/tle92466ed_registers.hpp:1664: warning: Found unknown command '\u00a75'
/home/runner/work/hf-tle92466ed-driver/hf-tle92466ed-driver/inc/tle92466ed_registers.hpp:1667: warning: Unsupported xml/html tag <IMIN> found
/home/runner/work/hf-tle92466ed-driver/hf-tle92466ed-driver/inc/tle92466ed_registers.hpp:1667: warning: Found unknown command '\u00b7'
/home/runner/work/hf-tle92466ed-driver/hf-tle92466ed-driver/inc/tle92466ed_registers.hpp:1667: warning: Found unknown command '\u2212'
/home/runner/work/hf-tle92466ed-driver/hf-tle92466ed-driver/inc/tle92466ed_registers.hpp:1667: warning: Unsupported xml/html tag <IMIN> found
/home/runner/work/hf-tle92466ed-driver/hf-tle92466ed-driver/inc/tle92466ed_registers.hpp:1667: warning: Found unknown command '\u00b7'
/home/runner/work/hf-tle92466ed-driver/hf-tle92466ed-driver/inc/tle92466ed_registers.hpp:1668: warning: Unsupported xml/html tag <IMAX> found
/home/runner/work/hf-tle92466ed-driver/hf-tle92466ed-driver/inc/tle92466ed_registers.hpp:1668: warning: Found unknown command '\u00b7'
/home/runner/work/hf-tle92466ed-driver/hf-tle92466ed-driver/inc/tle92466ed_registers.hpp:1671: warning: Found unknown command '\u00b14'
/home/runner/work/hf-tle92466ed-driver/hf-tle92466ed-driver/inc/tle92466ed_registers.hpp:1671: warning: Found unknown command '\u2026'
/home/runner/work/hf-tle92466ed-driver/hf-tle92466ed-driver/inc/tle92466ed_registers.hpp:1671: warning: Found unknown command '\u22121'
/home/runner/work/hf-tle92466ed-driver/hf-tle92466ed-driver/inc/tle92466ed_registers.hpp:1672: warning: Found unknown command '\u22124'
/home/runner/work/hf-tle92466ed-driver/hf-tle92466ed-driver/inc/tle92466ed_registers.hpp:1672: warning: Found unknown command '\u2026'
/home/runner/work/hf-tle92466ed-driver/hf-tle92466ed-driver/inc/tle92466ed_registers.hpp:1951: warning: Found unknown command '\u00a75'
/home/runner/work/hf-tle92466ed-driver/hf-tle92466ed-driver/inc/tle92466ed_registers.hpp:1971: warning: Found unknown command '\u00a75'
/home/runner/work/hf-tle92466ed-driver/hf-tle92466ed-driver/inc/tle92466ed_registers.hpp:1028: warning: Found unknown command '\u00a75'
/home/runner/work/hf-tle92466ed-driver/hf-tle92466ed-driver/inc/tle92466ed_registers.hpp:1033: warning: Found unknown command '\u00a74'
/home/runner/work/hf-tle92466ed-driver/hf-tle92466ed-driver/inc/tle92466ed_registers.hpp:698: warning: Found unknown command '\u00a75'
/home/runner/work/hf-tle92466ed-driver/hf-tle92466ed-driver/inc/tle92466ed_registers.hpp:1188: warning: Found unknown command '\u00a75'
/home/runner/work/hf-tle92466ed-driver/hf-tle92466ed-driver/inc/tle92466ed_registers.hpp:624: warning: The following parameter of tle92466ed::SETPOINT::CalculateTargetUa(uint32_t current_ua, bool parallel_mode=false) is not documented:
  parameter 'parallel_mode'
/home/runner/work/hf-tle92466ed-driver/hf-tle92466ed-driver/inc/tle92466ed_registers.hpp:1162: warning: Found unknown command '\u00a75'
/home/runner/work/hf-tle92466ed-driver/hf-tle92466ed-driver/inc/tle92466ed_registers.hpp:998: warning: Found unknown command '\u00a75'
/home/runner/work/hf-tle92466ed-driver/hf-tle92466ed-driver/inc/tle92466ed_registers.hpp:1629: warning: Found unknown command '\u00b0C'
/home/runner/work/hf-tle92466ed-driver/hf-tle92466ed-driver/inc/tle92466ed_registers.hpp:1632: warning: Found unknown command '\u00a75'
/home/runner/work/hf-tle92466ed-driver/hf-tle92466ed-driver/inc/tle92466ed_registers.hpp:1633: warning: Unsupported xml/html tag <TEMP_VALUE> found
/home/runner/work/hf-tle92466ed-driver/hf-tle92466ed-driver/inc/tle92466ed_registers.hpp:1633: warning: Found unknown command '\u00b7'
/home/runner/work/hf-tle92466ed-driver/hf-tle92466ed-driver/inc/tle92466ed_registers.hpp:1633: warning: Found unknown command '\u2212'
/home/runner/work/hf-tle92466ed-driver/hf-tle92466ed-driver/inc/tle92466ed_registers.hpp:1633: warning: Found unknown command '\u22120'
/home/runner/work/hf-tle92466ed-driver/hf-tle92466ed-driver/inc/tle92466ed_registers.hpp:1633: warning: Found unknown command '\u00b0C'
/home/runner/work/hf-tle92466ed-driver/hf-tle92466ed-driver/inc/tle92466ed_registers.hpp:1649: warning: Found unknown command '\u00b0C'
/home/runner/work/hf-tle92466ed-driver/hf-tle92466ed-driver/inc/tle92466ed_registers.hpp:1563: warning: Unsupported xml/html tag <VIO> found
/home/runner/work/hf-tle92466ed-driver/hf-tle92466ed-driver/inc/tle92466ed_registers.hpp:1564: warning: Unsupported xml/html tag <VDD> found
/home/runner/work/hf-tle92466ed-driver/hf-tle92466ed-driver/inc/tle92466ed_registers.hpp:1567: warning: Unsupported xml/html tag <VBAT> found
/home/runner/work/hf-tle92466ed-driver/hf-tle92466ed-driver/inc/tle92466ed_registers.hpp:1568: warning: Unsupported xml/html tag <VBAT> found
/home/runner/work/hf-tle92466ed-driver/hf-tle92466ed-driver/inc/tle92466ed_registers.hpp:337: warning: Unsupported xml/html tag <WD_TIME> found
/home/runner/work/hf-tle92466ed-driver/hf-tle92466ed-driver/inc/tle92466ed_registers.hpp:340: warning: Unsupported xml/html tag <WD_TIME> found
/home/runner/work/hf-tle92466ed-driver/hf-tle92466ed-driver/examples/esp32/main/resistive_load_bench.cpp:4: warning: Found unknown command '\u03a9'
/home/runner/work/hf-tle92466ed-driver/hf-tle92466ed-driver/examples/esp32/main/resistive_load_bench.cpp:8: warning: Found unknown command '\u2248'
/home/runner/work/hf-tle92466ed-driver/hf-tle92466ed-driver/examples/esp32/main/resistive_load_bench.cpp:9: warning: Found unknown command '\u03a9'
/home/runner/work/hf-tle92466ed-driver/hf-tle92466ed-driver/examples/esp32/main/resistive_load_bench.cpp:11: warning: Found unknown command '\u03a9'
/home/runner/work/hf-tle92466ed-driver/hf-tle92466ed-driver/examples/esp32/main/resistive_load_bench.cpp:17: warning: Found unknown command '\u00b12'
/home/runner/work/hf-tle92466ed-driver/hf-tle92466ed-driver/examples/esp32/main/resistive_load_bench.cpp:20: warning: Found unknown command '\u00b12'
/home/runner/work/hf-tle92466ed-driver/hf-tle92466ed-driver/examples/esp32/main/TestFramework.h:321: warning: The following parameter of print_test_summary(const TestResults &test_results, const char *test_suite_name, const char *tag) is not documented:
  parameter 'tag'
/home/runner/work/hf-tle92466ed-driver/hf-tle92466ed-driver/examples/esp32/main/TestFramework.h:341: warning: argument 'test_results' of command @param is not found in the argument list of print_test_section_status(const char *tag, const char *test_suite_name)
/home/runner/work/hf-tle92466ed-driver/hf-tle92466ed-driver/examples/esp32/main/TestFramework.h:341: warning: The following parameter of print_test_section_status(const char *tag, const char *test_suite_name) is not documented:
  parameter 'tag'
/home/runner/work/hf-tle92466ed-driver/hf-tle92466ed-driver/examples/esp32/main/TestFramework.h:357: warning: The following parameter of print_test_section_header(const char *tag, const char *section_name, bool enabled=true) is not documented:
  parameter 'tag'
/home/runner/work/hf-tle92466ed-driver/hf-tle92466ed-driver/examples/esp32/main/TestFramework.h:383: warning: The following parameter of print_test_section_footer(const char *tag, const char *section_name, bool enabled=true) is not documented:
  parameter 'tag'
/home/runner/work/hf-tle92466ed-driver/hf-tle92466ed-driver/README.md:12: warning: unable to resolve reference to '-overview' for \ref command
/home/runner/work/hf-tle92466ed-driver/hf-tle92466ed-driver/README.md:13: warning: unable to resolve reference to '-features' for \ref command
/home/runner/work/hf-tle92466ed-driver/hf-tle92466ed-driver/README.md:14: warning: unable to resolve reference to '-quick-start' for \ref command
/home/runner/work/hf-tle92466ed-driver/hf-tle92466ed-driver/README.md:15: warning: unable to resolve reference to '-installation' for \ref command
/home/runner/work/hf-tle92466ed-driver/hf-tle92466ed-driver/README.md:16: warning: unable to resolve reference to '-api-reference' for \ref command
/home/runner/work/hf-tle92466ed-driver/hf-tle92466ed-driver/README.md:17: warning: unable to resolve reference to '-examples' for \ref command
/home/runner/work/hf-tle92466ed-driver/hf-tle92466ed-driver/README.md:18: warning: unable to resolve reference to '-documentation' for \ref command
/home/runner/work/hf-tle92466ed-driver/hf-tle92466ed-driver/README.md:19: warning: unable to resolve reference to '-references' for \ref command
/home/runner/work/hf-tle92466ed-driver/hf-tle92466ed-driver/README.md:20: warning: unable to resolve reference to '-contributing' for \ref command
/home/runner/work/hf-tle92466ed-driver/hf-tle92466ed-driver/README.md:21: warning: unable to resolve reference to '-license' for \ref command
/home/runner/work/hf-tle92466ed-driver/hf-tle92466ed-driver/README.md:79: warning: unable to resolve reference to '/home/runner/work/hf-tle92466ed-driver/hf-tle92466ed-driver/docs/installation.md' for \ref command
/home/runner/work/hf-tle92466ed-driver/hf-tle92466ed-driver/README.md:79: warning: unable to resolve reference to '/home/runner/work/hf-tle92466ed-driver/hf-tle92466ed-driver/docs/quickstart.md' for \ref command
/home/runner/work/hf-tle92466ed-driver/hf-tle92466ed-driver/README.md:84: warning: unable to resolve reference to '/home/runner/work/hf-tle92466ed-driver/hf-tle92466ed-driver/docs/platform_integration.md' for \ref command
/home/runner/work/hf-tle92466ed-driver/hf-tle92466ed-driver/README.md:91: warning: unable to resolve reference to '/home/runner/work/hf-tle92466ed-driver/hf-tle92466ed-driver/docs/installation.md' for \ref command
/home/runner/work/hf-tle92466ed-driver/hf-tle92466ed-driver/README.md:125: warning: unable to resolve reference to '/home/runner/work/hf-tle92466ed-driver/hf-tle92466ed-driver/docs/api_reference.md' for \ref command
/home/runner/work/hf-tle92466ed-driver/hf-tle92466ed-driver/README.md:131: warning: unable to resolve reference to '/home/runner/work/hf-tle92466ed-driver/hf-tle92466ed-driver/docs/examples.md' for \ref command
/home/runner/work/hf-tle92466ed-driver/hf-tle92466ed-driver/README.md:135: warning: unable to resolve reference to '/home/runner/work/hf-tle92466ed-driver/hf-tle92466ed-driver/docs/index.md' for \ref command
